// Jest Snapshot v1, https://goo.gl/fbAQLP

exports[`Header Score component does not change markup 1`] = `
<body>
  <div>
    <div
      class="score svelte-1s4e1st"
      role="cell"
    >
       
      <div
        class="score__value svelte-1s4e1st"
      >
        42
      </div>
    </div>
  </div>
</body>
`;
